../Core/Src/main.c:78:6:HAL_GPIO_EXTI_Callback	16	static
../Core/Src/main.c:89:6:HAL_TIM_PeriodElapsedCallback	16	static
../Core/Src/main.c:108:6:activateBuzzer	8	static
../Core/Src/main.c:112:6:deactivateBuzzer	8	static
../Core/Src/main.c:116:6:readKeypad	8	static
../Core/Src/main.c:226:6:handleBadPin	8	static
../Core/Src/main.c:233:6:handleGoodPin	8	static
../Core/Src/main.c:247:6:phase0LED	4	static
../Core/Src/main.c:253:6:phase1LED	4	static
../Core/Src/main.c:259:6:phase2LED	4	static
../Core/Src/main.c:265:6:activatedBuzzerLED	4	static
../Core/Src/main.c:276:5:main	8	static
../Core/Src/main.c:364:6:SystemClock_Config	88	static
../Core/Src/main.c:417:6:Error_Handler	4	static,ignoring_inline_asm
