../Core/Src/main.c:74:6:HAL_GPIO_EXTI_Callback	16	static
../Core/Src/main.c:84:6:HAL_TIM_PeriodElapsedCallback	16	static
../Core/Src/main.c:101:6:activateBuzzer	8	static
../Core/Src/main.c:105:6:deactivateBuzzer	8	static
../Core/Src/main.c:109:6:readKeypad	8	static
../Core/Src/main.c:219:6:handleBadPin	8	static
../Core/Src/main.c:226:6:handleGoodPin	8	static
../Core/Src/main.c:244:5:main	8	static
../Core/Src/main.c:326:6:SystemClock_Config	88	static
../Core/Src/main.c:379:6:Error_Handler	4	static,ignoring_inline_asm
